dwt_stm32_delay.h:25:22:DWT_Delay_us	24	static
stm32f1xx_it.c:72:6:NMI_Handler	4	static
stm32f1xx_it.c:87:6:HardFault_Handler	576	static,ignoring_inline_asm
stm32f1xx_it.c:140:6:MemManage_Handler	4	static
stm32f1xx_it.c:155:6:BusFault_Handler	4	static
stm32f1xx_it.c:170:6:UsageFault_Handler	4	static
stm32f1xx_it.c:185:6:SVC_Handler	4	static
stm32f1xx_it.c:198:6:DebugMon_Handler	4	static
stm32f1xx_it.c:211:6:PendSV_Handler	4	static
stm32f1xx_it.c:224:6:SysTick_Handler	8	static
stm32f1xx_it.c:245:6:USART1_IRQHandler	8	static
